// Jest Snapshot v1, https://goo.gl/fbAQLP

exports[`renders correctly 1`] = `
<div>
  <div
    className="MuiGrid-root MuiGrid-container MuiGrid-spacing-xs-3"
  >
    <div
      className="MuiGrid-root MuiGrid-item MuiGrid-grid-xs-12"
    >
      <h1
        block={true}
        className="MuiTypography-root MuiTypography-h4"
      >
        Devkits
      </h1>
    </div>
    <div
      className="MuiGrid-root MuiGrid-item MuiGrid-grid-xs-12"
    >
      <p
        className="MuiTypography-root MuiTypography-body1"
      >
        An opensource project of collection of development tools
      </p>
    </div>
    <div
      className="MuiGrid-root MuiGrid-item MuiGrid-grid-xs-12"
    >
      <span
        className="MuiTypography-root MuiTypography-overline"
      >
        <a
          className="MuiTypography-root MuiLink-root MuiLink-underlineHover MuiTypography-colorPrimary"
          href="https://github.com/clh161/devkits"
          onBlur={[Function]}
          onFocus={[Function]}
          target="_blank"
        >
          Github Repository
        </a>
      </span>
    </div>
  </div>
</div>
`;
