// Jest Snapshot v1, https://goo.gl/fbAQLP

exports[`renders correctly 1`] = `
<div
  style={
    Object {
      "display": "flex",
    }
  }
>
  <div
    className="MuiDrawer-root MuiDrawer-docked css-e7qzfj-MuiDrawer-docked"
  >
    <div
      className="MuiPaper-root MuiPaper-elevation MuiPaper-elevation0 MuiDrawer-paper MuiDrawer-paperAnchorLeft MuiDrawer-paperAnchorDockedLeft css-12i7wg6-MuiPaper-root-MuiDrawer-paper"
    >
      <div
        className="MuiToolbar-root MuiToolbar-gutters MuiToolbar-regular css-hyum1k-MuiToolbar-root"
      >
        <div
          className="MuiGrid-root MuiGrid-container css-1oukqxz-MuiGrid-root"
        >
          <div
            className="MuiGrid-root MuiGrid-item MuiGrid-grid-xs-6 css-1osj8n2-MuiGrid-root"
          >
            <h1
              className="MuiTypography-root MuiTypography-h6 MuiTypography-noWrap css-2l1qg7-MuiTypography-root"
            >
              <a
                className="MuiTypography-root MuiTypography-inherit MuiLink-root MuiLink-underlineNone css-1cmksfb-MuiTypography-root-MuiLink-root"
                href="/"
                onBlur={[Function]}
                onFocus={[Function]}
              >
                Devkits
              </a>
            </h1>
          </div>
          <div
            className="MuiGrid-root MuiGrid-container MuiGrid-item MuiGrid-grid-xs-1 css-6u9cnz-MuiGrid-root"
          >
            <a
              aria-label="Github Repository"
              className="MuiButtonBase-root MuiIconButton-root MuiIconButton-sizeMedium css-yvetkp-MuiButtonBase-root-MuiIconButton-root"
              href="https://github.com/clh161/devkits"
              onBlur={[Function]}
              onContextMenu={[Function]}
              onDragLeave={[Function]}
              onFocus={[Function]}
              onKeyDown={[Function]}
              onKeyUp={[Function]}
              onMouseDown={[Function]}
              onMouseLeave={[Function]}
              onMouseUp={[Function]}
              onTouchEnd={[Function]}
              onTouchMove={[Function]}
              onTouchStart={[Function]}
              tabIndex={0}
              target="_blank"
            >
              <svg
                aria-hidden={true}
                className="MuiSvgIcon-root MuiSvgIcon-fontSizeMedium css-i4bv87-MuiSvgIcon-root"
                data-testid="GitHubIcon"
                focusable="false"
                viewBox="0 0 24 24"
              >
                <path
                  d="M12 1.27a11 11 0 00-3.48 21.46c.55.09.73-.28.73-.55v-1.84c-3.03.64-3.67-1.46-3.67-1.46-.55-1.29-1.28-1.65-1.28-1.65-.92-.65.1-.65.1-.65 1.1 0 1.73 1.1 1.73 1.1.92 1.65 2.57 1.2 3.21.92a2 2 0 01.64-1.47c-2.47-.27-5.04-1.19-5.04-5.5 0-1.1.46-2.1 1.2-2.84a3.76 3.76 0 010-2.93s.91-.28 3.11 1.1c1.8-.49 3.7-.49 5.5 0 2.1-1.38 3.02-1.1 3.02-1.1a3.76 3.76 0 010 2.93c.83.74 1.2 1.74 1.2 2.94 0 4.21-2.57 5.13-5.04 5.4.45.37.82.92.82 2.02v3.03c0 .27.1.64.73.55A11 11 0 0012 1.27"
                />
              </svg>
            </a>
          </div>
        </div>
      </div>
      <hr
        className="MuiDivider-root MuiDivider-fullWidth css-9mgopn-MuiDivider-root"
      />
      <nav
        aria-label="main mailbox folders"
        className="MuiList-root MuiList-padding css-h4y409-MuiList-root"
      >
        <a
          className="MuiListItem-root MuiListItem-gutters MuiListItem-padding css-1p823my-MuiListItem-root"
          disabled={false}
          href="/html-encoding"
        >
          <div
            className="MuiListItemIcon-root css-cveggr-MuiListItemIcon-root"
          >
            <svg
              aria-hidden={true}
              className="MuiSvgIcon-root MuiSvgIcon-fontSizeMedium css-i4bv87-MuiSvgIcon-root"
              data-testid="CodeIcon"
              focusable="false"
              viewBox="0 0 24 24"
            >
              <path
                d="M9.4 16.6 4.8 12l4.6-4.6L8 6l-6 6 6 6 1.4-1.4zm5.2 0 4.6-4.6-4.6-4.6L16 6l6 6-6 6-1.4-1.4z"
              />
            </svg>
          </div>
          <div
            className="MuiListItemText-root css-tlelie-MuiListItemText-root"
          >
            <span
              className="MuiTypography-root MuiTypography-body1 MuiListItemText-primary css-10hburv-MuiTypography-root"
            >
              HTML Encoder
            </span>
          </div>
        </a>
        <a
          className="MuiListItem-root MuiListItem-gutters MuiListItem-padding css-1p823my-MuiListItem-root"
          disabled={false}
          href="/url-encoding"
        >
          <div
            className="MuiListItemIcon-root css-cveggr-MuiListItemIcon-root"
          >
            <svg
              aria-hidden={true}
              className="MuiSvgIcon-root MuiSvgIcon-fontSizeMedium css-i4bv87-MuiSvgIcon-root"
              data-testid="HttpIcon"
              focusable="false"
              viewBox="0 0 24 24"
            >
              <path
                d="M4.5 11h-2V9H1v6h1.5v-2.5h2V15H6V9H4.5v2zm2.5-.5h1.5V15H10v-4.5h1.5V9H7v1.5zm5.5 0H14V15h1.5v-4.5H17V9h-4.5v1.5zm9-1.5H18v6h1.5v-2h2c.8 0 1.5-.7 1.5-1.5v-1c0-.8-.7-1.5-1.5-1.5zm0 2.5h-2v-1h2v1z"
              />
            </svg>
          </div>
          <div
            className="MuiListItemText-root css-tlelie-MuiListItemText-root"
          >
            <span
              className="MuiTypography-root MuiTypography-body1 MuiListItemText-primary css-10hburv-MuiTypography-root"
            >
              URL Encoder
            </span>
          </div>
        </a>
        <a
          className="MuiListItem-root MuiListItem-gutters MuiListItem-padding css-1p823my-MuiListItem-root"
          disabled={false}
          href="/unix-timestamp-converter"
        >
          <div
            className="MuiListItemIcon-root css-cveggr-MuiListItemIcon-root"
          >
            <svg
              aria-hidden={true}
              className="MuiSvgIcon-root MuiSvgIcon-fontSizeMedium css-i4bv87-MuiSvgIcon-root"
              data-testid="AccessTimeIcon"
              focusable="false"
              viewBox="0 0 24 24"
            >
              <path
                d="M11.99 2C6.47 2 2 6.48 2 12s4.47 10 9.99 10C17.52 22 22 17.52 22 12S17.52 2 11.99 2zM12 20c-4.42 0-8-3.58-8-8s3.58-8 8-8 8 3.58 8 8-3.58 8-8 8z"
              />
              <path
                d="M12.5 7H11v6l5.25 3.15.75-1.23-4.5-2.67z"
              />
            </svg>
          </div>
          <div
            className="MuiListItemText-root css-tlelie-MuiListItemText-root"
          >
            <span
              className="MuiTypography-root MuiTypography-body1 MuiListItemText-primary css-10hburv-MuiTypography-root"
            >
              Unix Timestamp Converter
            </span>
          </div>
        </a>
        <a
          className="MuiListItem-root MuiListItem-gutters MuiListItem-padding css-1p823my-MuiListItem-root"
          disabled={false}
          href="/case-type-converter"
        >
          <div
            className="MuiListItemIcon-root css-cveggr-MuiListItemIcon-root"
          >
            <svg
              aria-hidden={true}
              className="MuiSvgIcon-root MuiSvgIcon-fontSizeMedium css-i4bv87-MuiSvgIcon-root"
              data-testid="TextFieldsIcon"
              focusable="false"
              viewBox="0 0 24 24"
            >
              <path
                d="M2.5 4v3h5v12h3V7h5V4h-13zm19 5h-9v3h3v7h3v-7h3V9z"
              />
            </svg>
          </div>
          <div
            className="MuiListItemText-root css-tlelie-MuiListItemText-root"
          >
            <span
              className="MuiTypography-root MuiTypography-body1 MuiListItemText-primary css-10hburv-MuiTypography-root"
            >
              Case Type Converter
            </span>
          </div>
        </a>
        <a
          className="MuiListItem-root MuiListItem-gutters MuiListItem-padding css-1p823my-MuiListItem-root"
          disabled={false}
          href="/csv-editor"
        >
          <div
            className="MuiListItemIcon-root css-cveggr-MuiListItemIcon-root"
          >
            <svg
              aria-hidden={true}
              className="MuiSvgIcon-root MuiSvgIcon-fontSizeMedium css-i4bv87-MuiSvgIcon-root"
              data-testid="ViewComfyIcon"
              focusable="false"
              viewBox="0 0 24 24"
            >
              <path
                d="M3 9h4V5H3v4zm0 5h4v-4H3v4zm5 0h4v-4H8v4zm5 0h4v-4h-4v4zM8 9h4V5H8v4zm5-4v4h4V5h-4zm5 9h4v-4h-4v4zM3 19h4v-4H3v4zm5 0h4v-4H8v4zm5 0h4v-4h-4v4zm5 0h4v-4h-4v4zm0-14v4h4V5h-4z"
              />
            </svg>
          </div>
          <div
            className="MuiListItemText-root css-tlelie-MuiListItemText-root"
          >
            <span
              className="MuiTypography-root MuiTypography-body1 MuiListItemText-primary css-10hburv-MuiTypography-root"
            >
              CSV Editor
            </span>
          </div>
        </a>
      </nav>
    </div>
  </div>
  <main
    style={
      Object {
        "flexGrow": 1,
        "height": "100vh",
        "overflow": "auto",
      }
    }
  >
    <div
      className="MuiContainer-root MuiContainer-maxWidthLg css-1oqqzyl-MuiContainer-root"
      style={
        Object {
          "paddingBottom": 4,
          "paddingTop": 4,
        }
      }
    >
      <div>
        <div
          className="MuiGrid-root MuiGrid-container MuiGrid-spacing-xs-3 css-zow5z4-MuiGrid-root"
        >
          <div
            className="MuiGrid-root MuiGrid-item MuiGrid-grid-xs-12 css-1idn90j-MuiGrid-root"
          >
            <h1
              className="MuiTypography-root MuiTypography-h4 css-5lbw0b-MuiTypography-root"
            >
              Devkits
            </h1>
          </div>
        </div>
        <svg
          aria-hidden={true}
          className="MuiSvgIcon-root MuiSvgIcon-fontSizeMedium css-i4bv87-MuiSvgIcon-root"
          data-testid="HomeIcon"
          focusable="false"
          viewBox="0 0 24 24"
        >
          <path
            d="M10 20v-6h4v6h5v-8h3L12 3 2 12h3v8z"
          />
        </svg>
      </div>
    </div>
  </main>
</div>
`;
