// Jest Snapshot v1, https://goo.gl/fbAQLP

exports[`renders correctly 1`] = `
<div>
  <div
    className="makeStyles-root-1"
  >
    <div
      className="MuiDrawer-root MuiDrawer-docked"
    >
      <div
        className="MuiPaper-root MuiDrawer-paper makeStyles-drawerPaper-2 MuiDrawer-paperAnchorLeft MuiDrawer-paperAnchorDockedLeft MuiPaper-elevation0"
      >
        <div
          className="MuiToolbar-root MuiToolbar-regular MuiToolbar-gutters"
        >
          <div
            className="MuiGrid-root MuiGrid-container MuiGrid-align-items-xs-center MuiGrid-justify-xs-space-between"
          >
            <div
              className="MuiGrid-root MuiGrid-item MuiGrid-grid-xs-6"
            >
              <h1
                className="MuiTypography-root MuiTypography-h6 MuiTypography-colorInherit MuiTypography-noWrap"
              >
                <a
                  className="MuiTypography-root MuiLink-root MuiLink-underlineNone MuiTypography-colorPrimary"
                  href="/"
                  onBlur={[Function]}
                  onFocus={[Function]}
                >
                  Devkits
                </a>
              </h1>
            </div>
            <div
              className="MuiGrid-root MuiGrid-container MuiGrid-item MuiGrid-align-items-xs-flex-end MuiGrid-grid-xs-1"
            >
              <a
                aria-disabled={false}
                aria-label="Github Repository"
                className="MuiButtonBase-root MuiIconButton-root"
                href="https://github.com/clh161/devkits"
                onBlur={[Function]}
                onDragLeave={[Function]}
                onFocus={[Function]}
                onKeyDown={[Function]}
                onKeyUp={[Function]}
                onMouseDown={[Function]}
                onMouseLeave={[Function]}
                onMouseUp={[Function]}
                onTouchEnd={[Function]}
                onTouchMove={[Function]}
                onTouchStart={[Function]}
                tabIndex={0}
                target="_blank"
              >
                <span
                  className="MuiIconButton-label"
                >
                  <svg
                    aria-hidden={true}
                    className="MuiSvgIcon-root"
                    focusable="false"
                    viewBox="0 0 24 24"
                  >
                    <path
                      d="M12 .3a12 12 0 0 0-3.8 23.4c.6.1.8-.3.8-.6v-2c-3.3.7-4-1.6-4-1.6-.6-1.4-1.4-1.8-1.4-1.8-1-.7.1-.7.1-.7 1.2 0 1.9 1.2 1.9 1.2 1 1.8 2.8 1.3 3.5 1 0-.8.4-1.3.7-1.6-2.7-.3-5.5-1.3-5.5-6 0-1.2.5-2.3 1.3-3.1-.2-.4-.6-1.6 0-3.2 0 0 1-.3 3.4 1.2a11.5 11.5 0 0 1 6 0c2.3-1.5 3.3-1.2 3.3-1.2.6 1.6.2 2.8 0 3.2.9.8 1.3 1.9 1.3 3.2 0 4.6-2.8 5.6-5.5 5.9.5.4.9 1 .9 2.2v3.3c0 .3.1.7.8.6A12 12 0 0 0 12 .3"
                    />
                  </svg>
                </span>
              </a>
            </div>
          </div>
        </div>
        <hr
          className="MuiDivider-root"
        />
        <nav
          aria-label="main mailbox folders"
          className="MuiList-root MuiList-padding"
        >
          <a
            className="MuiListItem-root MuiListItem-gutters"
            disabled={false}
            href="/html-encoding"
          >
            <div
              className="MuiListItemIcon-root"
            >
              <svg
                aria-hidden={true}
                className="MuiSvgIcon-root"
                focusable="false"
                viewBox="0 0 24 24"
              >
                <path
                  d="M9.4 16.6L4.8 12l4.6-4.6L8 6l-6 6 6 6 1.4-1.4zm5.2 0l4.6-4.6-4.6-4.6L16 6l6 6-6 6-1.4-1.4z"
                />
              </svg>
            </div>
            <div
              className="MuiListItemText-root"
            >
              <span
                className="MuiTypography-root MuiListItemText-primary MuiTypography-body1 MuiTypography-displayBlock"
              >
                HTML Encoder
              </span>
            </div>
          </a>
          <a
            className="MuiListItem-root MuiListItem-gutters"
            disabled={false}
            href="/unix-timestamp-converter"
          >
            <div
              className="MuiListItemIcon-root"
            >
              <svg
                aria-hidden={true}
                className="MuiSvgIcon-root"
                focusable="false"
                viewBox="0 0 24 24"
              >
                <path
                  d="M11.99 2C6.47 2 2 6.48 2 12s4.47 10 9.99 10C17.52 22 22 17.52 22 12S17.52 2 11.99 2zM12 20c-4.42 0-8-3.58-8-8s3.58-8 8-8 8 3.58 8 8-3.58 8-8 8z"
                />
                <path
                  d="M12.5 7H11v6l5.25 3.15.75-1.23-4.5-2.67z"
                />
              </svg>
            </div>
            <div
              className="MuiListItemText-root"
            >
              <span
                className="MuiTypography-root MuiListItemText-primary MuiTypography-body1 MuiTypography-displayBlock"
              >
                Unix Timestamp Converter
              </span>
            </div>
          </a>
          <a
            className="MuiListItem-root MuiListItem-gutters"
            disabled={false}
            href="/case-type-converter"
          >
            <div
              className="MuiListItemIcon-root"
            >
              <svg
                aria-hidden={true}
                className="MuiSvgIcon-root"
                focusable="false"
                viewBox="0 0 24 24"
              >
                <path
                  d="M2.5 4v3h5v12h3V7h5V4h-13zm19 5h-9v3h3v7h3v-7h3V9z"
                />
              </svg>
            </div>
            <div
              className="MuiListItemText-root"
            >
              <span
                className="MuiTypography-root MuiListItemText-primary MuiTypography-body1 MuiTypography-displayBlock"
              >
                Case Type Converter
              </span>
            </div>
          </a>
        </nav>
      </div>
    </div>
    <main
      className="makeStyles-content-3"
    >
      <div
        className="MuiContainer-root makeStyles-container-4 MuiContainer-maxWidthLg"
      >
        <div>
          <div
            className="MuiGrid-root MuiGrid-container MuiGrid-spacing-xs-3"
          >
            <div
              className="MuiGrid-root MuiGrid-item MuiGrid-grid-xs-12"
            >
              <h1
                block={true}
                className="MuiTypography-root MuiTypography-h4"
              >
                Devkits
              </h1>
            </div>
            <div
              className="MuiGrid-root MuiGrid-item MuiGrid-grid-xs-12"
            >
              <p
                className="MuiTypography-root MuiTypography-body1"
              >
                An opensource project of collection of development tools
              </p>
            </div>
            <div
              className="MuiGrid-root MuiGrid-item MuiGrid-grid-xs-12"
            >
              <span
                className="MuiTypography-root MuiTypography-overline"
              >
                <a
                  className="MuiTypography-root MuiLink-root MuiLink-underlineHover MuiTypography-colorPrimary"
                  href="https://github.com/clh161/devkits"
                  onBlur={[Function]}
                  onFocus={[Function]}
                  target="_blank"
                >
                  Github Repository
                </a>
              </span>
            </div>
          </div>
        </div>
      </div>
    </main>
  </div>
</div>
`;
